// Jest Snapshot v1, https://goo.gl/fbAQLP

exports[`Button tests should match snapshot 1`] = `
<DocumentFragment>
  <button
    class="css-vhv7r1"
    type="button"
  >
    Example
  </button>
</DocumentFragment>
`;
